// Jest Snapshot v1, https://goo.gl/fbAQLP

exports[`App should render without errors 1`] = `<App />`;
