// Jest Snapshot v1, https://goo.gl/fbAQLP

exports[`Page404 should render without errors 1`] = `<Page404 />`;
