// Jest Snapshot v1, https://goo.gl/fbAQLP

exports[`Page500 should render without errors 1`] = `<Page500 />`;
