// Jest Snapshot v1, https://goo.gl/fbAQLP

exports[`Page200 should render without errors 1`] = `<Page200 />`;
